// Jest Snapshot v1, https://goo.gl/fbAQLP

exports[`show Button 1`] = `
initialize {
  "0": Object {
    "attribs": Object {
      "class": "Button",
      "type": "button",
    },
    "children": Array [
      Object {
        "data": "test",
        "next": Object {
          "attribs": Object {
            "alt": "",
            "class": "Title-Image",
          },
          "children": Array [],
          "name": "img",
          "namespace": "http://www.w3.org/1999/xhtml",
          "next": null,
          "parent": [Circular],
          "prev": [Circular],
          "type": "tag",
          "x-attribsNamespace": Object {
            "alt": undefined,
            "class": undefined,
          },
          "x-attribsPrefix": Object {
            "alt": undefined,
            "class": undefined,
          },
        },
        "parent": [Circular],
        "prev": null,
        "type": "text",
      },
      Object {
        "attribs": Object {
          "alt": "",
          "class": "Title-Image",
        },
        "children": Array [],
        "name": "img",
        "namespace": "http://www.w3.org/1999/xhtml",
        "next": null,
        "parent": [Circular],
        "prev": Object {
          "data": "test",
          "next": [Circular],
          "parent": [Circular],
          "prev": null,
          "type": "text",
        },
        "type": "tag",
        "x-attribsNamespace": Object {
          "alt": undefined,
          "class": undefined,
        },
        "x-attribsPrefix": Object {
          "alt": undefined,
          "class": undefined,
        },
      },
    ],
    "name": "button",
    "namespace": "http://www.w3.org/1999/xhtml",
    "next": null,
    "parent": null,
    "prev": null,
    "root": Object {
      "attribs": Object {},
      "children": Array [
        [Circular],
      ],
      "name": "root",
      "namespace": "http://www.w3.org/1999/xhtml",
      "next": null,
      "parent": null,
      "prev": null,
      "type": "root",
      "x-attribsNamespace": Object {},
      "x-attribsPrefix": Object {},
    },
    "type": "tag",
    "x-attribsNamespace": Object {
      "class": undefined,
      "type": undefined,
    },
    "x-attribsPrefix": Object {
      "class": undefined,
      "type": undefined,
    },
  },
  "_root": [Circular],
  "length": 1,
  "options": Object {
    "decodeEntities": true,
    "normalizeWhitespace": false,
    "withDomLvl1": true,
    "xml": false,
  },
}
`;
